---
source: tests/redimensionado/arnes.rs
---
┌───────────────────────────────────────────┐
│                                           │
│                                           │
│                                           │
│                                           │
│                                           │
│                                           │
│                                           │
│                                           │
│        ✕ ventana demasiado pequeña        │
│           45×20 · mínimo 50×14            │
│                                           │
│                                           │
│                                           │
│                                           │
│                                           │
│                                           │
│                                           │
│                                           │
└───────────────────────────────────────────┘
