---
source: tests/redimensionado/arnes.rs
---
┌──────────────────────────────────────┐
│                                      │
│                                      │
│                                      │
│      ✕ ventana demasiado pequeña     │
│         40×12 · mínimo 50×14         │
│       (Archivos necesita 50×14)      │
│                                      │
│                                      │
│                                      │
│                                      │
└──────────────────────────────────────┘
