---
source: tests/redimensionado/arnes.rs
---
┌ MAGI · FLOTA ── 0 hosts · 0 nominal ─┐
│  HOSTS                    ⇥ detalle  │
│  Sin hosts: pulsa n en Hosts o I para│
│  importar                            │
│                                      │
│                                      │
│                                      │
│                                      │
│                                      │
│                                      │
└──────────────────────────────────────┘
 ↵ ssh  r sondear  ⇥ detalle  ? más
