---
source: tests/redimensionado/arnes.rs
---
┌ MAGI · FLOTA ─────────────────────────────────────────────────────────────────────────────────────────────────────────────────────────────────────────────── 7 hosts · 3 nominal · sondeo hace NN s ─┐
│                ◐ backup-nas   CARGA                          │   hetzner-01                                                                                                                          │
│                ○ dgx-spark    FRÍA                           │   10.0.1.11:22                                                                                                                        │
│              ▸ ● hetzner-01   NOMINAL                        │                                                                                                                                       │
│                ● hetzner-02   NOMINAL                        │   CARGA ██░░░░░░░░░░░░░░░░░░░░░░░░░░░░░░░░░░░░░░  0.4/8                                                                               │
│                ◐ mac-mini-m1  CARGA                          │   MEM   ██████████████████░░░░░░░░░░░░░░░░░░░░░░  45 %                                                                                │
│                ✕ rincon-dev   CAÍDA                          │   DSK   ███████████████░░░░░░░░░░░░░░░░░░░░░░░░░  38 %                                                                                │
│                ● vps-openclaw NOMINAL                        │   NET   ↓ —  ↑ —                                                                                                                      │
│                                                              │   UP    12 d 01 h                                                                                                                     │
│                                                              │                                                                                                                                       │
│                                                              │   sondeado hace NN s en 420 ms · NOMINAL                                                                                              │
│                                                              │                                                                                                                                       │
│                                                              │                                                                                                                                       │
│                                                              │                                                                                                                                       │
│                                                              │                                                                                                                                       │
│                                                              │                                                                                                                                       │
│                                                              │                                                                                                                                       │
│                                                              │                                                                                                                                       │
│                                                              │                                                                                                                                       │
│                                                              │                                                                                                                                       │
│                                                              │                                                                                                                                       │
│                                                              │                                                                                                                                       │
│                                                              │                                                                                                                                       │
│                                                              │                                                                                                                                       │
│                                                              │                                                                                                                                       │
│                                                              │                                                                                                                                       │
│                                                              │                                                                                                                                       │
│                                                              │                                                                                                                                       │
│                                                              │                                                                                                                                       │
│                                                              │                                                                                                                                       │
│                                                              │                                                                                                                                       │
│                                                              │                                                                                                                                       │
│                                                              │                                                                                                                                       │
│                                                              │                                                                                                                                       │
│                                                              │                                                                                                                                       │
│                                                              │                                                                                                                                       │
│                                                              │                                                                                                                                       │
│                                                              │                                                                                                                                       │
│                                                              │                                                                                                                                       │
│                                                              │                                                                                                                                       │
│                                                              │                                                                                                                                       │
│                                                              │                                                                                                                                       │
│                                                              │                                                                                                                                       │
│                                                              │                                                                                                                                       │
│                                                              │                                                                                                                                       │
│                                                              │                                                                                                                                       │
│                                                              │                                                                                                                                       │
│                                                              │                                                                                                                                       │
│                                                              │                                                                                                                                       │
│                                                              │                                                                                                                                       │
│                                                              │                                                                                                                                       │
│                                                              │                                                                                                                                       │
│                                                              │                                                                                                                                       │
│                                                              │                                                                                                                                       │
│                                                              │                                                                                                                                       │
│                                                              │                                                                                                                                       │
│                                                              │                                                                                                                                       │
│                                                              │                                                                                                                                       │
└──────────────────────────────────────────────────────────────────────────────────────────────────────────────────────────────────────────────────────────────────────────────────────────────────────┘
 ↵ ssh  ↓↑ mover  r sondear  R todos  a auto  e editar  / filtrar  ! snippets  ^p paleta  q salir  ? ayuda
