---
source: tests/redimensionado/arnes.rs
---
┌──────────────────────────────────────┐
│┌ NUEVO SNIPPET ─────────────────────┐│
││                                    ││
││  Nombre        [ ┃              ]  ││
││  Comando       │                   ││
││  Descripción   [                ]  ││
││  Etiquetas     [                ]  ││
││                                    ││
││  ^s guardar  esc cancelar          ││
││                                    ││
│└────────────────────────────────────┘│
└──────────────────────────────────────┘
