---
source: tests/redimensionado/arnes.rs
---
┌ MAGI · HOSTS ────────────── 0 hosts ─┐
│  no hay hosts; pulsa n para crear uno│
│  o I para importar                   │
│                                      │
│                                      │
│                                      │
│                                      │
│                                      │
│                                      │
│                                      │
└──────────────────────────────────────┘
 ↵ conectar  e editar  / filtrar  ? más
