---
source: tests/redimensionado/vistas_g.rs
---
┌ MAGI · FLOTA ─────────────────────── 7 hosts · 3 nominal · sondeo hace NN s ─┐
│  HOSTS                                                            ⇥ detalle  │
│  ──────────────────────────────────────────────────────────────────────────  │
│▸ ◐ backup-nas   CARGA                                                        │
│  ○ dgx-spark    FRÍA                                                         │
│  ● hetzner-01   NOMINAL                                                      │
│  ● he┌ HUELLA DESCONOCIDA ────────────────────────────────────────────┐      │
│  ◐ ma│                                                                │      │
│  ✕ ri│  Host: hetzner-01                                              │      │
│  ● vp│  Tipo:  ssh-ed25519                                            │      │
│      │  Huella: SHA256:Ab3dE5fG7hJ9kL1mN3pQ5rS7tU9vW1xY3zA5bC7dE9     │      │
│      │                                                                │      │
│      │  La huella no está en known_hosts. Comprueba que es la         │      │
│      │  correcta.                                                     │      │
│      │                                                                │      │
│      │  a aceptar y añadir   x cancelar la apertura                   │      │
│      │                                                                │      │
│      └────────────────────────────────────────────────────────────────┘      │
│                                                                              │
│                                                                              │
│                                                                              │
│                                                                              │
└──────────────────────────────────────────────────────────────────────────────┘
 ↵ ssh  r sondear  ⇥ detalle  R todos  a auto  e editar  / filtrar  ? más
