---
source: tests/redimensionado/arnes.rs
---
┌ MAGI · IDENTIDADES ──────────────────────────────────────────────────────────────────────────────────────────────────────────────────────────────────────────────────────────────────────────────────┐
│                                         ALIAS    TIPO                        USADA EN  ORIGEN                                                                                                        │
│                                       ▸ trabajo  ssh-ed25519                 —         fichero                                                                                                       │
│                                         yubikey  sk-ssh-ed25519@openssh.com  —         agente                                                                                                        │
│                                                                                                                                                                                                      │
│                                                                                                                                                                                                      │
│                                                                                                                                                                                                      │
│                                                                                                                                                                                                      │
│                                                                                                                                                                                                      │
│                                                                                                                                                                                                      │
│                                                                                                                                                                                                      │
│                                                                                                                                                                                                      │
│                                                                                                                                                                                                      │
│                                                                                                                                                                                                      │
│                                                                                                                                                                                                      │
│                                                                                                                                                                                                      │
│                                                                                                                                                                                                      │
│                                                                                                                                                                                                      │
│                                                                                                                                                                                                      │
│                                                                                                                                                                                                      │
│                                                                                                                                                                                                      │
│                                                                                                                                                                                                      │
│                                                                                                                                                                                                      │
│                                                                                                                                                                                                      │
│                                                                                                                                                                                                      │
│                                                                                                                                                                                                      │
│                                                                                                                                                                                                      │
│                                                                                                                                                                                                      │
│                                                                                                                                                                                                      │
│                                                                                                                                                                                                      │
│                                                                                                                                                                                                      │
│                                                                                                                                                                                                      │
│                                                                                                                                                                                                      │
│                                                                                                                                                                                                      │
│                                                                                                                                                                                                      │
│                                                                                                                                                                                                      │
│                                                                                                                                                                                                      │
│                                                                                                                                                                                                      │
│                                                                                                                                                                                                      │
│                                                                                                                                                                                                      │
│                                                                                                                                                                                                      │
│                                                                                                                                                                                                      │
│                                                                                                                                                                                                      │
│                                                                                                                                                                                                      │
│                                                                                                                                                                                                      │
│                                                                                                                                                                                                      │
│                                                                                                                                                                                                      │
│                                                                                                                                                                                                      │
│                                                                                                                                                                                                      │
│                                                                                                                                                                                                      │
│                                       ┌──────────────────────────────────────────────────────────────────────────────────────────────────────────────────────┐                                       │
│                                       │  trabajo · ssh-ed25519                                                                                               │                                       │
│                                       │    Huella    SHA256:Ab3dE5fG7hJ9kL1mN3pQ5rS7tU9vW1xY3zA5bC7dE9                                                       │                                       │
│                                       │    Vista     01/09/26 · sin uso                                                                                      │                                       │
│                                       │    Fichero   ~/.ssh/id_ed25519                                                                                       │                                       │
│                                       │    Hosts     —                                                                                                       │                                       │
│                                       │              no encontrada en el último escaneo                                                                      │                                       │
│                                       └──────────────────────────────────────────────────────────────────────────────────────────────────────────────────────┘                                       │
└───────────────────────────────────────────────────────────────────────────────────────────────────────────────────────────────────────────────────────────────────────────────────────────2 clave(s) ┘
 ↓↑ mover  n generar  i importar  c copiar pública  e alias  x revocar  s reescanear  v revocadas  q salir  ? ayuda
