---
source: tests/redimensionado/arnes.rs
---
┌──────────────────────────────────────┐
│┌ PERMISOS · 3 elementos ────────────┐│
││        r   w   x                   ││
││ u     [x] [x] [~]                  ││
││ g     [~] [ ] [~]                  ││
││ o     [~] [ ] [~]                  ││
││ octal [      ]                     ││
││ [ ] recursivo                      ││
││                                    ││
││ ^s aplicar   esc cancelar          ││
│└─────────────────────────────── 1/2 ┘│
└──────────────────────────────────────┘
