---
source: tests/redimensionado/arnes.rs
---
┌ MAGI · REGISTRO ─────────────────────────────────────────────────────────────┐
│▸ 15/09 15:41:02  deliberacion_forzada  —           ok     reiniciar nginx → …│
│  15/09 12:03:09  snippet_ejecutado     hetzner-02  ok     reiniciar nginx: c…│
│  15/09 11:25:44  tunel_abierto         hetzner-01  ok     postgres 127.0.0.1…│
│  15/09 10:02:17  sondeo_fallido        rincon-dev  error  conexión rechazada │
│  15/09 09:40:51  transferencia         hetzner-02  ok     subida de main.py …│
│  15/09 09:12:03  conexion_abierta      hetzner-01  ok     sesión abierta con…│
│                                                                              │
│                                                                              │
│                                                                              │
│                                                                              │
│                                                                              │
│                                                                              │
│                                                                              │
│                                                                              │
│                                                                              │
│                                                                              │
│┌────────────────────────────────────────────────────────────────────────────┐│
││ deliberacion_forzada  — · 15/09 15:41:02 · ok                              ││
││ reiniciar nginx → 3 hosts: backup de hace 31 h                             ││
││                                                                            ││
│└────────────────────────────────────────────────────────────────────────────┘│
└───────────────────────────────────────────────────────────6 entradas · todos ┘
 ↵ detalle  / filtrar  t tipo  p purgar >90 d  x exportar  q salir  ? más
