---
source: tests/redimensionado/arnes.rs
---
┌ MAGI · HOSTS ────────────────────────────────────────────────────────────────────────────────────────────────────────────────────────────────────────────────────────────────────────────── 7 hosts ─┐
│▸ ▼ produccion                                                     (3)                                                                                                                                │
│    ○ hetzner-01                 10.0.1.11            root       22                                                                                                                                   │
│    ○ hetzner-02                 10.0.1.12            deploy     2222                                                                                                                                 │
│    ○ vps-openclaw               203.0.113.40         admin      22                                                                                                                                   │
│  ▼ casa                                                           (2)                                                                                                                                │
│    ○ dgx-spark                  192.168.1.30         hector     22                                                                                                                                   │
│    ○ mac-mini-m1                192.168.1.20         hector     22                                                                                                                                   │
│  ▼ sin grupo                                                      (2)                                                                                                                                │
│    ○ backup-nas                 192.168.1.40         backup     22                                                                                                                                   │
│    ○ rincon-dev                 dev.rincon.example   hector     2200                                                                                                                                 │
│                                                                                                                                                                                                      │
│                                                                                                                                                                                                      │
│                                                                                                                                                                                                      │
│                                                                                                                                                                                                      │
│                                                                                                                                                                                                      │
│                                                                                                                                                                                                      │
│                                                                                                                                                                                                      │
│                                                                                                                                                                                                      │
│                                                                                                                                                                                                      │
│                                                                                                                                                                                                      │
│                                                                                                                                                                                                      │
│                                                                                                                                                                                                      │
│                                                                                                                                                                                                      │
│                                                                                                                                                                                                      │
│                                                                                                                                                                                                      │
│                                                                       ┌ NUEVO GRUPO ─────────────────────────────────────────┐                                                                       │
│                                                                       │                                                      │                                                                       │
│                                                                       │  Nombre: [ servidores-oficina┃ ]                     │                                                                       │
│                                                                       │                                                      │                                                                       │
│                                                                       │  ↵ aceptar   esc cancelar                            │                                                                       │
│                                                                       │                                                      │                                                                       │
│                                                                       └──────────────────────────────────────────────────────┘                                                                       │
│                                                                                                                                                                                                      │
│                                                                                                                                                                                                      │
│                                                                                                                                                                                                      │
│                                                                                                                                                                                                      │
│                                                                                                                                                                                                      │
│                                                                                                                                                                                                      │
│                                                                                                                                                                                                      │
│                                                                                                                                                                                                      │
│                                                                                                                                                                                                      │
│                                                                                                                                                                                                      │
│                                                                                                                                                                                                      │
│                                                                                                                                                                                                      │
│                                                                                                                                                                                                      │
│                                                                                                                                                                                                      │
│                                                                                                                                                                                                      │
│                                                                                                                                                                                                      │
│                                                                                                                                                                                                      │
│                                                                                                                                                                                                      │
│                                                                                                                                                                                                      │
│                                                                                                                                                                                                      │
│                                                                                                                                                                                                      │
│                                                                                                                                                                                                      │
│                                                                                                                                                                                                      │
│                                                                                                                                                                                                      │
│                                                                                                                                                                                                      │
└──────────────────────────────────────────────────────────────────────────────────────────────────────────────────────────────────────────────────────────────────────────────────────────────────────┘
 ↵ conectar  ↓↑ mover  →← plegar  e editar  n nuevo  g grupo  x borrar  ⇥ etiquetas  / filtrar  ! snippets  ^p paleta  q salir  ? ayuda
