---
source: tests/redimensionado/arnes.rs
---
 MAGI · SESIONES · 3 sesiones · 4 ventanas ────────────────────────────────────────────────────────────────────────────────────────────────────────────────────────────────────────────────────────────
  ESTADO PESTAÑA            HOST             TIEMPO     IDENTIDAD        VENT.
▸ ●      hetzner-01         hetzner-01       18 m       clave            1
  ✕      hetzner-02         hetzner-02       caída      clave            1
  ●      mac-mini-m1        mac-mini-m1      3 m        yubikey          2

















































────────────────────────────────────────────────────────────────────────────────────────────────────────────────────────────────────────────────────────────────────────────────────────────────────────
  hetzner-01 · clave
  servidor pid 4242 · protocolo 5 · desde hace N s


 ↵ entrar  n nueva  r reconectar  x cerrar  S apagar  Ctrl+] l pestañas  ? ayuda
