---
source: tests/redimensionado/arnes.rs
---
┌ TÚNELES · 4 · 2 activos ─────────────────────────────────────────────────────┐
│     TIPO      ESCUCHA → DESTINO                HOST     a                    │
│  ●  local     127.0.0.1:5432 → 127.0.0.1:5432  hetz-01  a                    │
│▸ ✕  local     127.0.0.1:3000 → 10.0.1.50:3000  hetz-02                       │
│  ◐  remoto    0.0.0.0:8080 → 127.0.0.1:8080    ma-m-m1                       │
│  ○  dinámico  127.0.0.1:1080  (socks5)         vps-ope                       │
│                                                                              │
│                                                                              │
│                                                                              │
│                                                                              │
│                                                                              │
│                                                                              │
│                                                                              │
│                                                                              │
│                                                                              │
│                                                                              │
│┌────────────────────────────────────────────────────────────────────────────┐│
││  hetzner-02 · grafana · local · manual                                     ││
││  127.0.0.1:3000 → 10.0.1.50:3000 · caído · 0 conexión(es) (0 en total)     ││
││  tráfico ↓ 0 B ↑ 0 B                                                       ││
││  connect: conexión rechazada por 10.0.1.50:3000                            ││
│└────────────────────────────────────────────────────────────────────────────┘│
└ 4 ───────────────────────────────────────────────────────────────────────────┘
 espacio activar/parar  n nuevo  e editar  a auto  ↵ detalle  / filtrar  ? más
